
> thrivematrix-web@0.1.0 dev
> next dev --hostname 127.0.0.1 --port 3000

▲ Next.js 16.3.1 (Turbopack)
- Local:         http://127.0.0.1:3000
- Network:       http://127.0.0.1:3000
✓ Ready in 8.7s
✓ Running next.config took 88ms

○ Compiling / ...
 GET / 200 in 6.4s (next.js: 6.1s, application-code: 257ms)
 GET / 200 in 312ms (next.js: 281ms, application-code: 31ms)
 GET / 200 in 76ms (next.js: 30ms, application-code: 46ms)
 GET / 200 in 58ms (next.js: 10ms, application-code: 48ms)
 GET /login 200 in 60ms (next.js: 42ms, application-code: 18ms)
 GET /home 200 in 78ms (next.js: 63ms, application-code: 15ms)
 GET /home 200 in 20ms (next.js: 7ms, application-code: 13ms)
 GET /portfolio 200 in 77ms (next.js: 60ms, application-code: 17ms)
 GET /transactions 200 in 196ms (next.js: 179ms, application-code: 16ms)
 GET /insurance 200 in 39ms (next.js: 24ms, application-code: 15ms)
 GET /domains 200 in 40ms (next.js: 24ms, application-code: 16ms)
 GET /privacy 200 in 109ms (next.js: 95ms, application-code: 14ms)
 GET /home 200 in 22ms (next.js: 5ms, application-code: 17ms)
 POST /api/v1/auth/session/terminate 404 in 319ms (next.js: 241ms, application-code: 78ms)
 GET /login 200 in 22ms (next.js: 8ms, application-code: 14ms)
 POST /api/v1/auth/session/terminate 404 in 293ms (next.js: 220ms, application-code: 72ms)
 GET /login 200 in 19ms (next.js: 5ms, application-code: 13ms)
 GET /home 200 in 103ms (next.js: 23ms, application-code: 79ms)
 GET /home 200 in 18ms (next.js: 5ms, application-code: 14ms)
 GET /governance 200 in 1390ms (next.js: 1353ms, application-code: 37ms)
 GET /privacy 200 in 44ms (next.js: 19ms, application-code: 24ms)
 GET /domains 200 in 46ms (next.js: 21ms, application-code: 24ms)
 GET /insurance 200 in 62ms (next.js: 40ms, application-code: 22ms)
 GET /portfolio 200 in 144ms (next.js: 114ms, application-code: 30ms)
 GET /goals 200 in 910ms (next.js: 878ms, application-code: 32ms)
 GET /home 200 in 23ms (next.js: 5ms, application-code: 17ms)
 POST /api/v1/auth/session/terminate 404 in 703ms (next.js: 607ms, application-code: 95ms)
 POST /api/v1/auth/session/terminate 404 in 79ms (next.js: 9ms, application-code: 71ms)
 GET /login 200 in 96ms (next.js: 27ms, application-code: 69ms)
 GET /login 200 in 31ms (next.js: 8ms, application-code: 22ms)
 POST /api/v1/auth/session/terminate 404 in 86ms (next.js: 10ms, application-code: 76ms)
 POST /api/v1/auth/session/terminate 404 in 120ms (next.js: 11ms, application-code: 108ms)
 GET /home 200 in 19ms (next.js: 4ms, application-code: 15ms)
 GET /home 200 in 20ms (next.js: 4ms, application-code: 16ms)
 GET /governance 200 in 24ms (next.js: 5ms, application-code: 18ms)
 GET /governance 200 in 43ms (next.js: 24ms, application-code: 19ms)
 GET /governance 200 in 29ms (next.js: 9ms, application-code: 20ms)
 GET /governance 200 in 40ms (next.js: 11ms, application-code: 29ms)
